// Jest Snapshot v1, https://goo.gl/fbAQLP

exports[`<NewSubmission /> render() renders the component 1`] = `
<NewSubmission
  dispatch={[Function]}
  store={
    Object {
      "clearActions": [Function],
      "dispatch": [Function],
      "getActions": [Function],
      "getState": [Function],
      "replaceReducer": [Function],
      "subscribe": [Function],
    }
  }
  storeSubscription={
    Subscription {
      "listeners": Object {
        "clear": [Function],
        "get": [Function],
        "notify": [Function],
        "subscribe": [Function],
      },
      "onStateChange": [Function],
      "parentSub": undefined,
      "store": Object {
        "clearActions": [Function],
        "dispatch": [Function],
        "getActions": [Function],
        "getState": [Function],
        "replaceReducer": [Function],
        "subscribe": [Function],
      },
      "unsubscribe": [Function],
    }
  }
  submission={
    Object {
      "advance": "false",
      "approved": "true",
      "cad_url": "www.google.com",
      "comments": Array [],
      "description": "description one",
      "id": 1,
      "manufacturing": "manufacturing description one",
      "photo_url": "www.google.com",
      "updated_at": "2018-11-18T14:53:08.533957",
    }
  }
  user={
    Object {
      "charges": Array [],
      "email": "amhasler@gmail.com",
      "first_name": "Adam",
      "id": 20,
      "last_name": "Hasler",
      "role": 1,
    }
  }
/>
`;
