// Jest Snapshot v1, https://goo.gl/fbAQLP

exports[`<ResteToken /> render() renders the component 1`] = `
<ResetToken
  dispatch={[Function]}
  store={
    Object {
      "clearActions": [Function],
      "dispatch": [Function],
      "getActions": [Function],
      "getState": [Function],
      "replaceReducer": [Function],
      "subscribe": [Function],
    }
  }
  storeSubscription={
    Subscription {
      "listeners": Object {
        "clear": [Function],
        "get": [Function],
        "notify": [Function],
        "subscribe": [Function],
      },
      "onStateChange": [Function],
      "parentSub": undefined,
      "store": Object {
        "clearActions": [Function],
        "dispatch": [Function],
        "getActions": [Function],
        "getState": [Function],
        "replaceReducer": [Function],
        "subscribe": [Function],
      },
      "unsubscribe": [Function],
    }
  }
  user={
    Object {
      "charges": Array [],
      "email": "amhasler@gmail.com",
      "first_name": "Adam",
      "id": 20,
      "last_name": "Hasler",
      "role": 1,
    }
  }
/>
`;
